$ playwright test
[WebServer] $ next build
[WebServer] $ next start "--port" "3100"
[e2e] pas d'empreinte connue — construction de l'image.
 Image lumo-e2e-lumo-api Building 
#1 [internal] load local bake definitions
#1 reading from stdin 520B 0.0s done
#1 DONE 0.0s

#2 [internal] load build definition from Dockerfile
#2 transferring dockerfile: 3.54kB done
#2 DONE 0.0s

#3 [internal] load metadata for docker.io/library/eclipse-temurin:25-jre
#3 ...

#4 [internal] load metadata for docker.io/library/eclipse-temurin:25-jdk
#4 DONE 0.8s

#3 [internal] load metadata for docker.io/library/eclipse-temurin:25-jre
#3 DONE 0.8s

#5 [internal] load .dockerignore
#5 transferring context: 469B done
#5 DONE 0.0s

#6 [runtime 1/8] FROM docker.io/library/eclipse-temurin:25-jre@sha256:8da0490fa9a3c26867012019565948eef0ee69438f5c75ac28146967bae984b5
#6 resolve docker.io/library/eclipse-temurin:25-jre@sha256:8da0490fa9a3c26867012019565948eef0ee69438f5c75ac28146967bae984b5 0.1s done
#6 DONE 0.1s

#7 [build  1/10] FROM docker.io/library/eclipse-temurin:25-jdk@sha256:119a3d18f160a3e7655a66034d0f43beee31cd7b3b9142d57a5de29772011de6
#7 resolve docker.io/library/eclipse-temurin:25-jdk@sha256:119a3d18f160a3e7655a66034d0f43beee31cd7b3b9142d57a5de29772011de6 0.0s done
#7 DONE 0.1s

#8 [internal] load build context
#8 transferring context: 41.41kB 0.0s done
#8 DONE 0.0s

#9 [build  7/10] RUN --mount=type=cache,target=/root/.gradle     ./gradlew --no-daemon --quiet dependencies || true
#9 CACHED

#10 [build  5/10] COPY apps/api/gradle /repo/apps/api/gradle
#10 CACHED

#11 [runtime 2/8] RUN apt-get update  && apt-get install -y --no-install-recommends curl  && rm -rf /var/lib/apt/lists/*
#11 CACHED

#12 [runtime 4/8] WORKDIR /app
#12 CACHED

#13 [runtime 6/8] COPY --from=build --chown=lumo:lumo /extracted/spring-boot-loader/ ./
#13 CACHED

#14 [build  3/10] COPY packages/contracts /repo/packages/contracts
#14 CACHED

#15 [build  9/10] RUN --mount=type=cache,target=/root/.gradle     ./gradlew --no-daemon bootJar -x test
#15 CACHED

#16 [runtime 5/8] COPY --from=build --chown=lumo:lumo /extracted/dependencies/ ./
#16 CACHED

#17 [build 10/10] RUN cp build/libs/lumo-api-*.jar app.jar  && java -Djarmode=tools -jar app.jar extract --layers --destination /extracted
#17 CACHED

#18 [build  2/10] WORKDIR /repo/apps/api
#18 CACHED

#19 [runtime 7/8] COPY --from=build --chown=lumo:lumo /extracted/snapshot-dependencies/ ./
#19 CACHED

#20 [build  4/10] COPY apps/api/gradlew /repo/apps/api/
#20 CACHED

#21 [runtime 3/8] RUN useradd --system --uid 10001 --create-home --shell /usr/sbin/nologin lumo
#21 CACHED

#22 [build  8/10] COPY apps/api/src /repo/apps/api/src
#22 CACHED

#23 [build  6/10] COPY apps/api/settings.gradle.kts apps/api/build.gradle.kts apps/api/gradle.properties /repo/apps/api/
#23 CACHED

#24 [runtime 8/8] COPY --from=build --chown=lumo:lumo /extracted/application/ ./
#24 CACHED

#25 exporting to image
#25 exporting layers done
#25 exporting manifest sha256:0ba32b1bb7a7abdccd2b59542658c49f71d794c2f1e09f3ab577e94bf409b074 done
#25 exporting config sha256:4685ba146e4bfff7427d49a59a2bbd15bb30e2d4481d16e1d5a23c3cecde6118 done
#25 exporting attestation manifest sha256:63fbc10f6db1d24648116e7488b5966cb2e2053413a3ed6ca4dfcc53c723d927 0.0s done
#25 exporting manifest list sha256:52dd0cc2c51ab861220ec56fc3af689e97c351b51b26205a63e1e0c0fcf144cf
#25 exporting manifest list sha256:52dd0cc2c51ab861220ec56fc3af689e97c351b51b26205a63e1e0c0fcf144cf 0.0s done
#25 naming to docker.io/library/lumo-e2e-lumo-api:latest done
#25 unpacking to docker.io/library/lumo-e2e-lumo-api:latest 0.0s done
#25 DONE 0.1s

#26 resolving provenance for metadata file
#26 DONE 0.0s
 Image lumo-e2e-lumo-api Built 
 Network lumo-e2e Creating 
 Network lumo-e2e Creating 
 Network lumo-e2e Created 
 Network lumo-e2e Created 
 Container lumo-e2e-postgres Creating 
 Container lumo-e2e-bench Creating 
 Container lumo-e2e-postgres Created 
 Container lumo-e2e-api Creating 
 Container lumo-e2e-bench Created 
 Container lumo-e2e-api Created 
 Container lumo-e2e-bench Starting 
 Container lumo-e2e-postgres Starting 
 Container lumo-e2e-postgres Started 
 Container lumo-e2e-postgres Waiting 
 Container lumo-e2e-bench Started 
 Container lumo-e2e-postgres Healthy 
 Container lumo-e2e-api Starting 
 Container lumo-e2e-api Started 
 Container lumo-e2e-bench Waiting 
 Container lumo-e2e-api Waiting 
 Container lumo-e2e-postgres Waiting 
 Container lumo-e2e-postgres Healthy 
 Container lumo-e2e-bench Healthy 
 Container lumo-e2e-api Healthy 

Running 71 tests using 6 workers

  ok  5 [chromium] › e2e\zones.spec.ts:68:7 › marketing › structured data is present and parses (383ms)
  ok  3 [chromium] › e2e\zones.spec.ts:52:7 › marketing › the landing page carries its canonical and its alternates (396ms)
  ok  1 [chromium] › e2e\zones.spec.ts:37:7 › marketing › a locale already in the URL beats the browser's preference (467ms)
  ok  6 [chromium] › e2e\zones.spec.ts:62:7 › marketing › the guides are reachable and translated (681ms)
  ok  7 [chromium] › e2e\zones.spec.ts:80:7 › account › an anonymous visitor is sent to sign-in, and back afterwards (320ms)
  ok  8 [chromium] › e2e\zones.spec.ts:89:7 › account › the session cookie is not readable from JavaScript (302ms)
  ok 10 [chromium] › e2e\zones.spec.ts:113:7 › account › the retired Google endpoint is gone, not answering (51ms)
  ok  4 [chromium] › e2e\zones.spec.ts:16:7 › marketing › the root sends a French browser to /fr and an English one to /en (753ms)
  ok  9 [chromium] › e2e\zones.spec.ts:95:7 › account › no Google button, and no request to Google (323ms)
  ok 11 [chromium] › e2e\zones.spec.ts:127:7 › activation › works without JavaScript (194ms)
  ok 12 [chromium] › e2e\zones.spec.ts:139:7 › activation › an anonymous visitor is asked to sign in, without losing the code (201ms)
  ok  2 [setup] › e2e\auth.setup.ts:51:8 › un compte est créé pour « guide-grid-density » (1.4s)
  ok 15 [mobile] › e2e\zones.spec.ts:52:7 › marketing › the landing page carries its canonical and its alternates (358ms)
  ok 14 [mobile] › e2e\zones.spec.ts:37:7 › marketing › a locale already in the URL beats the browser's preference (367ms)
  ok 16 [setup] › e2e\auth.setup.ts:51:8 › un compte est créé pour « journey » (547ms)
  ok 18 [mobile] › e2e\zones.spec.ts:68:7 › marketing › structured data is present and parses (332ms)
  ok 13 [mobile] › e2e\zones.spec.ts:16:7 › marketing › the root sends a French browser to /fr and an English one to /en (638ms)
  ok 19 [mobile] › e2e\zones.spec.ts:80:7 › account › an anonymous visitor is sent to sign-in, and back afterwards (241ms)
  ok 23 [mobile] › e2e\zones.spec.ts:113:7 › account › the retired Google endpoint is gone, not answering (57ms)
  ok 20 [mobile] › e2e\zones.spec.ts:89:7 › account › the session cookie is not readable from JavaScript (274ms)
  ok 17 [mobile] › e2e\zones.spec.ts:62:7 › marketing › the guides are reachable and translated (465ms)
  ok 24 [mobile] › e2e\zones.spec.ts:127:7 › activation › works without JavaScript (181ms)
  ok 25 [mobile] › e2e\zones.spec.ts:139:7 › activation › an anonymous visitor is asked to sign in, without losing the code (176ms)
  ok 22 [mobile] › e2e\zones.spec.ts:95:7 › account › no Google button, and no request to Google (302ms)
  ok 21 [setup] › e2e\auth.setup.ts:51:8 › un compte est créé pour « s9-06-04-fault » (491ms)
  ok 26 [setup] › e2e\auth.setup.ts:51:8 › un compte est créé pour « s9-06-04-partial » (379ms)
  ok 27 [setup] › e2e\auth.setup.ts:51:8 › un compte est créé pour « s9-06-04-past-source » (399ms)
  ok 28 [setup] › e2e\auth.setup.ts:51:8 › un compte est créé pour « s9-06-04-web » (268ms)
  ok 29 [setup] › e2e\auth.setup.ts:51:8 › un compte est créé pour « s9-07-gd12-midnight » (258ms)
  ok 30 [setup] › e2e\auth.setup.ts:51:8 › un compte est créé pour « s9-07-gd14-locales-keyboard » (298ms)
  ok 31 [setup] › e2e\auth.setup.ts:51:8 › un compte est créé pour « s9-07-network-bound » (351ms)
  ok 32 [setup] › e2e\auth.setup.ts:51:8 › un compte est créé pour « s9-sources-ceiling » (316ms)
  ok 33 [journey] › e2e\journey.spec.ts:65:7 › activation › le champ de code prend le focus et arrive pré-rempli (575ms)
  -  39 [journey] › e2e\s9-06-04-fault.journey.spec.ts:49:5 › QA-06-04-06 — GD-10 erreur initiale : message distinct, Réessayer, jamais « guide vide »
  ok 35 [journey] › e2e\journey.spec.ts:38:7 › espace compte › la liste des appareils montre la session qui la consulte (706ms)
  ok 36 [journey] › e2e\journey.spec.ts:23:7 › espace compte › la liste des sources vient de l'API, pas d'un état de repli (722ms)
  ok 37 [journey] › e2e\journey.spec.ts:76:7 › activation › un code inconnu est refusé par l'API, sans perdre la saisie (1.0s)
  ok 38 [journey] › e2e\journey.spec.ts:111:7 › sources › une playlist enregistrée devient une source prête (4.2s)
  ok 44 [journey] › e2e\journey.spec.ts:131:7 › sources › le catalogue liste les chaînes, avec numéro et qualité (502ms)
  -  34 [journey] › e2e\guide-grid-density.journey.spec.ts:33:7 › grille du guide — densité 1440 px (BUG-S9-05-02-01) › la grille défile dans sa cellule, la page ne défile pas
  -  46 [journey] › e2e\s9-07-gd12-midnight.journey.spec.ts:69:7 › GD-12 — minuit, web SSR sous LUMO_NOW › préparation — source de banc et jour courant
  -  47 [journey] › e2e\s9-07-gd12-midnight.journey.spec.ts:77:7 › GD-12 — minuit, web SSR sous LUMO_NOW › la journée coupe A1 à minuit, la suivante le reprend à 00:00
  ok 40 [journey] › e2e\s9-06-04-partial.journey.spec.ts:40:5 › QA-06-04-08 — GD-11 guide partiel : créneau vide annoncé, aucune erreur (4.4s)
  ok 43 [journey] › e2e\s9-06-04-web.journey.spec.ts:75:7 › S9-06-04 — fiche programme web (GD-07/08/10/11) › préparation — source de banc avec guide (Game B) et grille du Guide (4.4s)
  ok 41 [journey] › e2e\s9-06-04-past-source.journey.spec.ts:79:5 › QA-06-04-03 — fiche d'un programme passé : informations seules, aucune lecture (4.9s)
  ok 50 [journey] › e2e\s9-06-04-web.journey.spec.ts:85:7 › S9-06-04 — fiche programme web (GD-07/08/10/11) › QA-06-04-01 — fiche d'un programme courant : action visible (243ms)
  ok 52 [journey] › e2e\s9-06-04-web.journey.spec.ts:96:7 › S9-06-04 — fiche programme web (GD-07/08/10/11) › QA-06-04-02 — fiche d'un programme futur : aucune action (183ms)
  ok 45 [journey] › e2e\journey.spec.ts:152:7 › sources › catégorie et recherche passent par l'URL, donc sans JavaScript (1.4s)
  ok 54 [journey] › e2e\journey.spec.ts:181:7 › sources › lancer une chaîne demande l'URL au serveur, sans jamais la mettre dans la page (507ms)
  ok 51 [journey] › e2e\s9-sources-ceiling.journey.spec.ts:30:5 › le plafond du compte remplace le bouton d'ajout (1.2s)
  ok 55 [journey] › e2e\journey.spec.ts:206:7 › sources › un flux que le navigateur ne peut pas ouvrir le dit, et propose la sortie (550ms)
  ok 56 [journey] › e2e\journey.spec.ts:229:7 › sources › un flux que le navigateur peut ouvrir affiche une image (879ms)
  ok 48 [journey] › e2e\s9-07-gd14-locales-keyboard.journey.spec.ts:48:7 › GD-14 — web FR/EN et clavier › préparation — source de banc avec guide (Game A) (4.2s)
  ok 57 [journey] › e2e\journey.spec.ts:259:7 › sources › une chaîne mise en favori le reste, et rend la vue où elle était (985ms)
  ok 58 [journey] › e2e\s9-07-gd14-locales-keyboard.journey.spec.ts:56:7 › GD-14 — web FR/EN et clavier › FR — libellés, jour courant et horaires 24 h (278ms)
  ok 42 [journey] › e2e\s9-06-04-past-source.journey.spec.ts:100:5 › QA-06-04-11 — fiche ouverte : un changement de source venu d'un AUTRE appareil ne la ferme pas (portée par appareil) (8.9s)
  ok 60 [journey] › e2e\s9-07-gd14-locales-keyboard.journey.spec.ts:76:7 › GD-14 — web FR/EN et clavier › EN — libellés traduits, aucun français résiduel, horaires 12 h (279ms)
[I-4] 3 chaînes → 5 appel(s) EPG
  ok 49 [journey] › e2e\s9-07-network-bound.journey.spec.ts:75:9 › S9-07 §5.2 — preuve réseau web (I-4) › 3 chaînes : appels EPG bornés et indépendants du volume (4.7s)
  ok 59 [journey] › e2e\journey.spec.ts:321:7 › sources › le rail des chaînes récentes nomme une chaîne absente de la page (614ms)
  ok 61 [journey] › e2e\s9-07-gd14-locales-keyboard.journey.spec.ts:111:7 › GD-14 — web FR/EN et clavier › clavier — Tab atteint une case du guide et Entrée ouvre la fiche (624ms)
  ok 63 [journey] › e2e\journey.spec.ts:347:7 › sources › l'étoile fonctionne sans JavaScript (686ms)
  ok 64 [journey] › e2e\journey.spec.ts:386:7 › sources › supprimer la source rend la place (517ms)
  ok 65 [journey] › e2e\journey.spec.ts:413:7 › sources › une adresse qui ne renvoie pas une playlist est nommée comme telle (286ms)
  x  53 [journey] › e2e\s9-06-04-web.journey.spec.ts:105:7 › S9-06-04 — fiche programme web (GD-07/08/10/11) › QA-06-04-04 — GD-07 : l'action disparaît à la fin, fiche ouverte, focus sur Fermer (5.2s)
  -  67 [journey] › e2e\s9-06-04-web.journey.spec.ts:137:7 › S9-06-04 — fiche programme web (GD-07/08/10/11) › QA-06-04-05 — GD-08 : l'action apparaît au démarrage, sans voler le focus
  -  68 [journey] › e2e\s9-06-04-web.journey.spec.ts:166:7 › S9-06-04 — fiche programme web (GD-07/08/10/11) › QA-06-04-09 — nom lisible sans logo, pas de zone description vide
  -  69 [journey] › e2e\s9-06-04-web.journey.spec.ts:177:7 › S9-06-04 — fiche programme web (GD-07/08/10/11) › QA-06-04-10 — FR puis EN : libellés traduits, aucune clé brute
  -  70 [journey] › e2e\s9-06-04-web.journey.spec.ts:189:7 › S9-06-04 — fiche programme web (GD-07/08/10/11) › QA-06-04-12 — Échap ferme la fiche d'abord, focus visible et non piégé
[I-4] 50 chaînes → 1 appel(s) EPG
  ok 62 [journey] › e2e\s9-07-network-bound.journey.spec.ts:75:9 › S9-07 §5.2 — preuve réseau web (I-4) › 50 chaînes : appels EPG bornés et indépendants du volume (4.5s)
  ok 66 [journey] › e2e\journey.spec.ts:433:7 › sources › une playlist au-delà du plafond est refusée sur sa taille (3.6s)
[I-4] 100 chaînes → 1 appel(s) EPG
  ok 71 [journey] › e2e\s9-07-network-bound.journey.spec.ts:75:9 › S9-07 §5.2 — preuve réseau web (I-4) › 100 chaînes : appels EPG bornés et indépendants du volume (4.6s)
 Container lumo-e2e-api Stopping 
 Container lumo-e2e-api Stopped 
 Container lumo-e2e-api Removing 
 Container lumo-e2e-api Removed 
 Container lumo-e2e-postgres Stopping 
 Container lumo-e2e-postgres Stopped 
 Container lumo-e2e-postgres Removing 
 Container lumo-e2e-postgres Removed 
 Network lumo-e2e Removing 
 Network lumo-e2e Resource is still in use 


  1) [journey] › e2e\s9-06-04-web.journey.spec.ts:105:7 › S9-06-04 — fiche programme web (GD-07/08/10/11) › QA-06-04-04 — GD-07 : l'action disparaît à la fin, fiche ouverte, focus sur Fermer 

    Error: expect(locator).toHaveCount(expected) failed

    Locator:  getByRole('dialog', { name: 'Fiche du programme' }).getByRole('link', { name: 'Regarder en direct' })
    Expected: 0
    Received: 1
    Timeout:  5000ms

    Call log:
      - Expect "toHaveCount" with timeout 5000ms
      - waiting for getByRole('dialog', { name: 'Fiche du programme' }).getByRole('link', { name: 'Regarder en direct' })
        14 × locator resolved to 1 element
           - unexpected value "1"


      125 |     await page.clock.fastForward(125_000);
      126 |
    > 127 |     await expect(watch).toHaveCount(0, { timeout: 5_000 });
          |                         ^
      128 |     await expect(sheet).toBeVisible();
      129 |     await expect(sheet.getByRole("heading", { name: "E1" })).toBeVisible();
      130 |     // GD-07 : le focus rejoint Fermer plutôt que de tomber au document.
        at C:\dev\lumo-tv-s10-qa\apps\web\e2e\s9-06-04-web.journey.spec.ts:127:25

    Error Context: test-results\s9-06-04-web.journey-S9-06-b9bd5-he-ouverte-focus-sur-Fermer-journey\error-context.md

  1 failed
    [journey] › e2e\s9-06-04-web.journey.spec.ts:105:7 › S9-06-04 — fiche programme web (GD-07/08/10/11) › QA-06-04-04 — GD-07 : l'action disparaît à la fin, fiche ouverte, focus sur Fermer 
  4 skipped
  4 did not run
  62 passed (47.2s)
[ELIFECYCLE] Command failed with exit code 1.
