INFO         | Android emulator version 36.6.11.0 (build_id 15507667) (CL:N/A)
INFO         | Graphics backend: gfxstream
INFO         | Found systemPath C:\Users\hamza\AppData\Local/Android/Sdk\system-images\android-36\android-tv\x86\
INFO         | Found systemPath C:\Users\hamza\AppData\Local/Android/Sdk\system-images\android-36\android-tv\x86\
INFO         | Guest usage of host flag 'VulkanVirtualQueue' will be ignored.
INFO         | IPv4 server found: 192.168.1.254
INFO         | Ignore IPv6 address: c0fc:443e:7f01:0:d0f6:443e:7f01:0
INFO         | Ignore IPv6 address: c0fc:443e:7f01:0:d0f6:443e:7f01:0
INFO         | Ignore IPv6 address: c0fc:443e:7f01:0:d0f6:443e:7f01:0
INFO         | Ignore IPv6 address: c002:453e:7f01:0:d0f6:443e:7f01:0
INFO         | Ignore IPv6 address: c002:453e:7f01:0:d0f6:443e:7f01:0
INFO         | Ignore IPv6 address: c002:453e:7f01:0:d0f6:443e:7f01:0
INFO         | Ignore IPv6 address: 680a:453e:7f01:0:d0f6:443e:7f01:0
INFO         | Ignore IPv6 address: 680a:453e:7f01:0:d0f6:443e:7f01:0
INFO         | Ignore IPv6 address: 680a:453e:7f01:0:d0f6:443e:7f01:0
INFO         | Ignore IPv6 address: 5812:453e:7f01:0:d0f6:443e:7f01:0
INFO         | Ignore IPv6 address: 5812:453e:7f01:0:d0f6:443e:7f01:0
INFO         | Ignore IPv6 address: 5812:453e:7f01:0:d0f6:443e:7f01:0
INFO         | Ignore IPv6 address: 7818:453e:7f01:0:d0f6:443e:7f01:0
INFO         | Ignore IPv6 address: 7818:453e:7f01:0:d0f6:443e:7f01:0
INFO         | Ignore IPv6 address: 7818:453e:7f01:0:d0f6:443e:7f01:0
INFO         | Ignore IPv6 address: 9827:453e:7f01:0:d0f6:443e:7f01:0
INFO         | Ignore IPv6 address: 9827:453e:7f01:0:d0f6:443e:7f01:0
INFO         | Ignore IPv6 address: 9827:453e:7f01:0:d0f6:443e:7f01:0
INFO         | Guest GLES Driver: Auto (ext controls)
INFO         | emuglConfig_init: vulkan_mode_selected:swiftshader gles_mode_selected:swiftshader
INFO         | Checking system compatibility:
INFO         |   Checking: hasCompatibleHypervisor
INFO         |      Ok: Hypervisor compatibility to run avd: `Television_1080p` are met
INFO         |   Checking: hasSufficientSystem
INFO         |      Ok: System requirements to run avd: `Television_1080p` are met
INFO         |   Checking: hasSufficientHwGpu
INFO         |      Ok: Hardware GPU compatibility checks are not required
INFO         |   Checking: hasSufficientDiskSpace
INFO         |      Ok: Disk space requirements to run avd: `Television_1080p` are met
INFO         | Critical: Failed to load opengl32sw (Le module spécifié est introuvable.) (:0, )
INFO         | Warning: Software OpenGL failed. Falling back to system OpenGL. (:0, )
INFO         | Warning: QMetaObject::connectSlotsByName: No matching signal for on_default_environment_selected() (:0, )
INFO         | Warning: QMetaObject::connectSlotsByName: No matching signal for on_none_selected() (:0, )
INFO         | Warning: QMetaObject::connectSlotsByName: No matching signal for on_custom_image_selected() (:0, )
INFO         | Warning: QMetaObject::connectSlotsByName: No matching signal for on_custom_video_selected() (:0, )
INFO         | Warning: QMetaObject::connectSlotsByName: No matching signal for on_custom_360_image_selected() (:0, )
INFO         | Storing crashdata in: C:\Users\hamza\AppData\Local\Temp\\AndroidEmulator\emu-crash-36.6.11.db, detection is enabled for process: 45340
INFO         | Initializing gfxstream backend
INFO         | startOpenglesRendererImpl: gpu info
INFO         | GPU #1
  Make: 10de
  Model: NVIDIA GeForce RTX 5070 Ti
  Device ID: 2c05

INFO         | Disabling implicit Vulkan layers to avoid compatibility issues. Set VK_LOADER_LAYERS_DISABLE manually to disable this behavior.
INFO         | initIcdPaths: ICD set to 'swiftshader', using Swiftshader ICD
INFO         | Setting ICD filenames for the loader = C:\Users\hamza\AppData\Local\Android\Sdk\emulator\lib64\vulkan\vk_swiftshader_icd.json
INFO         | SharedLibrary::open for [C:\Users\hamza\AppData\Local\Android\Sdk\emulator\qemu\windows-x86_64\lib64\vulkan\vulkan-1.dll]
INFO         | SharedLibrary::open for [C:\Users\hamza\AppData\Local\Android\Sdk\emulator\lib64\vulkan\vulkan-1.dll]
INFO         | Added library: C:\Users\hamza\AppData\Local\Android\Sdk\emulator\lib64\vulkan\vulkan-1.dll
INFO         | Selecting Vulkan device: SwiftShader Device (LLVM 10.0.0), Version: 1.2.0
INFO         | Using Vulkan externalMemoryMode: HostAllocation for VkEmulation
INFO         | Initializing VkEmulation features:
INFO         |     glInteropSupported: false
INFO         |     useDeferredCommands: true
INFO         |     createResourceWithRequirements: true
INFO         |     useVulkanComposition: false
INFO         |     useVulkanNativeSwapchain: false
INFO         |     enable guestRenderDoc: false
INFO         |     ASTC LDR emulation mode: Gpu
INFO         |     enable ETC2 emulation: true
INFO         |     enable Ycbcr emulation: false
INFO         |     guestVulkanOnly: false
INFO         |     useDedicatedAllocations: false
INFO         |     guestVulkanMaxApiVersion: 1.3.0
INFO         |     enableProtectedMemoryEmulation: false
INFO         | Graphics Adapter Vendor Google (Google Inc.)
INFO         | Graphics Adapter Android Emulator OpenGL ES Translator (Google SwiftShader)
INFO         | Graphics API Version OpenGL ES 3.0 (OpenGL ES 3.0 SwiftShader 4.0.0.1)
INFO         | Graphics API Extensions GL_OES_EGL_sync GL_OES_EGL_image GL_OES_EGL_image_external GL_OES_depth24 GL_OES_depth32 GL_OES_element_index_uint GL_OES_texture_float GL_OES_texture_float_linear GL_OES_compressed_paletted_texture GL_OES_compressed_ETC1_RGB8_texture GL_OES_depth_texture GL_OES_texture_half_float GL_OES_texture_half_float_linear GL_OES_packed_depth_stencil GL_OES_vertex_half_float GL_OES_standard_derivatives GL_OES_texture_npot GL_OES_rgb8_rgba8 GL_EXT_color_buffer_float GL_EXT_color_buffer_half_float GL_EXT_texture_format_BGRA8888 GL_APPLE_texture_format_BGRA8888 
INFO         | Graphics Device Extensions N/A
INFO         | Disabling sparse binding feature support
INFO         | Sending adb public key [QAAAAH9xZzGBsRmAAUlfACbNt0sV96N9nRz5QGg6N2gwBeyg6PZLMtfArjIxcgSdQWzCGJVwPddFwPXRTfixwuNQqVgd9A6G9C0D3Yaamff1h62ssD1/A8ErCja2xDo049sFpG9YW4CgV03cYbaFnUY3pJHd0o+6bHeA+g7vo1IuGvbxmYuDMRdIC7AO24GDN2xeYySHqwgcs3W3vQ2YK6WJjOh3eOuRCbPrsf97ekVLGy/umHPk2csjPZs6ik2CQbG0AEuSyeg2e1FWtA8Hg9N2oGp9EwU0vQFFCtunGHPKXB+Qsl0DffTgEztZkfpXBKXbbMlrMfEotvV+MAygBX/Pg49J08e8HBYEMtYXHyBNJRYi7X20ztZX2cyq/z7390xY3HpOaCofQcEWenbhuIqycHyOQtsoWZZZWgDo4UYFRo9xCWeBDy6bR8/VWgwXsKS/bw1oy9YJoRvoMNS9kNXhl+Ie5HbLv8+WxZw3vlFeSmuy0p5fpdiUYIB48wpHIpl/Gf2ApKLGThqu8/lE7iNvA8CyNzXc2k9zRh2FUPq9JkNH0rtrnKq9FUaAjQTp6CLnSnbM9TCIoGPGY5hdqcuV3LLoHEeTnIaaLPhfY7duTx7/EYzJgv2plEx1If8WPIT+D8mjjP1oa1L5NkWgbQl9H223XiRd0+PjyObWpJKMSY9ePTQZogEAAQA= @unknown]
INFO         | Userspace boot properties:
INFO         |   androidboot.boot_devices=pci0000:00/0000:00:03.0 pci0000:00/0000:00:06.0
INFO         |   androidboot.dalvik.vm.heapsize=512m
INFO         |   androidboot.debug.hwui.renderer=skiagl
INFO         |   androidboot.debug.sf.nobootanimation=1
INFO         |   androidboot.hardware=ranchu
INFO         |   androidboot.hardware.gltransport=pipe
INFO         |   androidboot.hardware.vulkan=ranchu
INFO         |   androidboot.logcat=*:V
INFO         |   androidboot.opengles.version=196608
INFO         |   androidboot.qemu=1
INFO         |   androidboot.qemu.adb.pubkey=QAAAAH9xZzGBsRmAAUlfACbNt0sV96N9nRz5QGg6N2gwBeyg6PZLMtfArjIxcgSdQWzCGJVwPddFwPXRTfixwuNQqVgd9A6G9C0D3Yaamff1h62ssD1/A8ErCja2xDo049sFpG9YW4CgV03cYbaFnUY3pJHd0o+6bHeA+g7vo1IuGvbxmYuDMRdIC7AO24GDN2xeYySHqwgcs3W3vQ2YK6WJjOh3eOuRCbPrsf97ekVLGy/umHPk2csjPZs6ik2CQbG0AEuSyeg2e1FWtA8Hg9N2oGp9EwU0vQFFCtunGHPKXB+Qsl0DffTgEztZkfpXBKXbbMlrMfEotvV+MAygBX/Pg49J08e8HBYEMtYXHyBNJRYi7X20ztZX2cyq/z7390xY3HpOaCofQcEWenbhuIqycHyOQtsoWZZZWgDo4UYFRo9xCWeBDy6bR8/VWgwXsKS/bw1oy9YJoRvoMNS9kNXhl+Ie5HbLv8+WxZw3vlFeSmuy0p5fpdiUYIB48wpHIpl/Gf2ApKLGThqu8/lE7iNvA8CyNzXc2k9zRh2FUPq9JkNH0rtrnKq9FUaAjQTp6CLnSnbM9TCIoGPGY5hdqcuV3LLoHEeTnIaaLPhfY7duTx7/EYzJgv2plEx1If8WPIT+D8mjjP1oa1L5NkWgbQl9H223XiRd0+PjyObWpJKMSY9ePTQZogEAAQA= @unknown
INFO         |   androidboot.qemu.avd_name=Television_1080p
INFO         |   androidboot.qemu.camera_hq_edge_processing=0
INFO         |   androidboot.qemu.camera_protocol_ver=1
INFO         |   androidboot.qemu.cpuvulkan.version=4206592
INFO         |   androidboot.qemu.gltransport.drawFlushInterval=800
INFO         |   androidboot.qemu.gltransport.name=pipe
INFO         |   androidboot.qemu.hwcodec.avcdec=2
INFO         |   androidboot.qemu.hwcodec.hevcdec=2
INFO         |   androidboot.qemu.hwcodec.vpxdec=2
INFO         |   androidboot.qemu.settings.system.screen_off_timeout=2147483647
INFO         |   androidboot.qemu.skin=tv_1080p
INFO         |   androidboot.qemu.virtiowifi=1
INFO         |   androidboot.qemu.vsync=60
INFO         |   androidboot.serialno=EMULATOR36X6X11X0
INFO         |   androidboot.vbmeta.digest=d68a6ad55e7ee6b490f7de76456b26b1accc6726831e9a922008b115e97ae16c
INFO         |   androidboot.vbmeta.hash_alg=sha256
INFO         |   androidboot.vbmeta.size=6848
INFO         |   androidboot.veritymode=enforcing
WHPX on Windows 10.0.26200 detected.
Windows Hypervisor Platform accelerator is operational
netsimd I 09-30 11:39:55.980 external/netsim+/rust/daemon/src\rust_main.rs:93 - netsim artifacts path: "C:\\Users\\hamza\\AppData\\Local\\Temp\\netsimd"
netsimd I 09-30 11:39:55.981 external/netsim+/rust/daemon/src\rust_main.rs:96 - NetsimdArgs {
    fd_startup_str: None,
    no_cli_ui: false,
    no_web_ui: false,
    pcap: false,
    disable_address_reuse: false,
    hci_port: None,
    connector_instance: None,
    instance: None,
    logtostderr: false,
    dev: false,
    forward_host_mdns: false,
    vsock: None,
    config: None,
    host_dns: Some(
        "192.168.1.254,fd0f:ee:b0::1",
    ),
    http_proxy: None,
    wifi_tap: None,
    wifi: None,
    test_beacons: false,
    no_test_beacons: false,
    no_shutdown: false,
    verbose: false,
    version: false,
    debug: DebugArgs {
        debug_no_traffic: false,
        debug_no_network: false,
        debug_no_wmedium: false,
        debug_no_mdns_wmedium: false,
        debug_no_guest_to_host_mdns: false,
    },
    rssi: None,
}
INFO         | Monitoring duration of emulator setup.
WARNING      | The emulator now requires a signed jwt token for gRPC access! Use the -grpc flag if you really want an open unprotected grpc port
INFO         | Using security allow list from: C:\Users\hamza\AppData\Local\Android\Sdk\emulator\lib\emulator_access.json
INFO         | The active JSON Web Key Sets can be found here: C:\Users\hamza\AppData\Local\Temp\avd\running\45340\jwks\9330739b-cdf8-42a5-9603-e59358656154\active.jwk
INFO         | Scanning C:\Users\hamza\AppData\Local\Temp\avd\running\45340\jwks\9330739b-cdf8-42a5-9603-e59358656154 for jwk keys.
INFO         | Started GRPC server at 127.0.0.1:8554, security: Local, auth: +token
INFO         | Advertising in: C:\Users\hamza\AppData\Local\Temp\avd\running\pid_45340.ini
INFO         | Successfully initialized netsim WiFi
INFO         | Activated packet streamer for bluetooth emulation
INFO         | Activated packet streamer for uwb emulation
INFO         | Setting display: 0 configuration to: 1920x1080, dpi: 320x320 
INFO         | setDisplayActiveConfig: id:0, 1920x1080
INFO         | emulatorSetupEnvironment: Environment scene is not required
INFO         | Checking system compatibility:
INFO         |   Checking: hasCompatibleHypervisor
INFO         |      Ok: Hypervisor compatibility to run avd: `Television_1080p` are met
INFO         |   Checking: hasSufficientSystem
INFO         |      Ok: System requirements to run avd: `Television_1080p` are met
INFO         |   Checking: hasSufficientHwGpu
INFO         |      Ok: Hardware GPU compatibility checks are not required
INFO         |   Checking: hasSufficientDiskSpace
INFO         |      Ok: Disk space requirements to run avd: `Television_1080p` are met
USER_INFO    | Emulator is performing a full startup. This may take upto two minutes, or more.
INFO         | Warning: QMetaObject::connectSlotsByName: No matching signal for on_rgbcSensorValueWidget_valueChanged() (:0, )
INFO         | Warning: QMetaObject::connectSlotsByName: No matching signal for on_posture_valueChanged(int) (:0, )
INFO         | Warning: QObject::connect: Cannot queue arguments of type 'std::vector<android::emulation::control::SnapshotInfo>'
(Make sure 'std::vector<android::emulation::control::SnapshotInfo>' is registered using qRegisterMetaType().) (:0, )
INFO         | AVD supportsNativeGLES=1, supportsGuestAngle=1
INFO         | Guest Angle is still unstable for API > 35.
INFO         | Created extended window in 162.126ms
INFO         | Critical: UpdateLayeredWindowIndirect failed for ptDst=(272, 100), size=(700x21), dirty=(700x84 0, 0) (Un périphérique attaché au système ne fonctionne pas correctement.) (:0, )
INFO         | Critical: UpdateLayeredWindowIndirect failed for ptDst=(272, 100), size=(700x21), dirty=(700x21 0, 0) (Un périphérique attaché au système ne fonctionne pas correctement.) (:0, )
INFO         | Boot completed in 29920 ms
